Microchip MPLAB XC8 Compiler V2.40

Linker command line:

-W-3 \
  --edf=C:\Program Files\Microchip\xc8\v2.40\pic\dat\20220703182018_en.msgs \
  -cn -h+dist/default/production\Proyecto-2.X.production.sym \
  --cmf=dist/default/production\Proyecto-2.X.production.cmf -z -Q16F887 \
  -oC:\Users\Pablo\AppData\Local\Temp\xcAs4g8.4 --defsym=__MPLAB_BUILD=1 \
  --fixupoverflow=error \
  -Mdist/default/production/Proyecto-2.X.production.map \
  --md=C:\Users\Pablo\AppData\Local\Temp\xcAs4g8.dat -E1 -ver=XC8 Compiler \
  --acfsm=1493 -ACODE=00h-07FFhx4 -ASTRCODE=00h-01FFFh -ASTRING=00h-0FFhx32 \
  -ACONST=00h-0FFhx32 -AENTRY=00h-0FFhx32 -ACOMMON=070h-07Fh \
  -ABANK0=020h-06Fh -ABANK1=0A0h-0EFh -ABANK2=0110h-016Fh \
  -ABANK3=0190h-01EFh -ARAM=020h-06Fh,0A0h-0EFh,0110h-016Fh,0190h-01EFh \
  -AABS1=020h-07Fh,0A0h-0EFh,0110h-016Fh,0190h-01EFh -ASFR0=00h-01Fh \
  -ASFR1=080h-09Fh -ASFR2=0100h-010Fh -ASFR3=0180h-018Fh \
  -ACONFIG=02007h-02008h -DCONFIG=2 -AIDLOC=02000h-02003h -DIDLOC=2 \
  -AEEDATA=00h-0FFh/02100h -peeprom_data=EEDATA -DEEDATA=2 -DCODE=2 \
  -DSTRCODE=2 -DSTRING=2 -DCONST=2 -DENTRY=2 \
  -preset_vec=00h,intentry=04h,init,end_init -ppowerup=CODE -pcinit=CODE \
  -pfunctab=ENTRY -k C:\Users\Pablo\AppData\Local\Temp\xcAs4g8.o \
  dist/default/production\Proyecto-2.X.production.o 

Object code version is 3.11

Machine type is 16F887



                Name                               Link     Load   Length Selector   Space Scale
C:\Users\Pablo\AppData\Local\Temp\xcAs4g8.o
                end_init                              C        C        3        8       0
                reset_vec                             0        0        3        0       0
                config                             2007     2007        2        0       4
                idloc                              2000     2000        4        0       5
dist/default/production\Proyecto-2.X.production.o
                cinit                                 F        F       18        8       0
                intentry                              4        4        8        8       0
                config                             2007     2007        2        0       4
                idloc                              2000     2000        4        0       5
                text17                              DE6      DE6       3F     1BCC       0
                text16                              36C      36C      258        8       0
                text15                              D4A      D4A       29     1A94       0
                text14                               27       27      345        8       0
                text13                              EFB      EFB       78     1DF6       0
                text12                              686      686       BA        8       0
                text11                              E84      E84       77     1D08       0
                text10                              5C4      5C4       C2        8       0
                text9                               F73      F73       8D     1EE6       0
                text8                               740      740       A3        8       0
                text7                               D09      D09        D     1A12       0
                text6                               E25      E25       5F     1C4A       0
                text5                               D16      D16        F     1A2C       0
                text4                               D37      D37       13     1A6E       0
                text3                               D73      D73       35     1AE6       0
                text2                               7E3      7E3       15        8       0
                text1                               D25      D25       12     1A4A       0
                maintext                            DA8      DA8       3E     1B50       0
                cstackBANK0                          20       20       4A       20       1
                cstackCOMMON                         70       70        A       70       1
                cstackBANK1                          A8       A8        1       A0       1
                bssBANK1                             A0       A0        8       A0       1
                bssBANK0                             6A       6A        6       20       1
                bssCOMMON                            7A       7A        2       70       1

TOTAL           Name                               Link     Load   Length     Space
        CLASS   CODE           
                end_init                              C        C        3         0
                cinit                                 F        F       18         0
                intentry                              4        4        8         0
                reset_vec                             0        0        3         0
                text17                              DE6      DE6       3F         0
                text16                              36C      36C      258         0
                text15                              D4A      D4A       29         0
                text14                               27       27      345         0
                text13                              EFB      EFB       78         0
                text12                              686      686       BA         0
                text11                              E84      E84       77         0
                text10                              5C4      5C4       C2         0
                text9                               F73      F73       8D         0
                text8                               740      740       A3         0
                text7                               D09      D09        D         0
                text6                               E25      E25       5F         0
                text5                               D16      D16        F         0
                text4                               D37      D37       13         0
                text3                               D73      D73       35         0
                text2                               7E3      7E3       15         0
                text1                               D25      D25       12         0
                maintext                            DA8      DA8       3E         0

        CLASS   STRCODE        

        CLASS   STRING         

        CLASS   CONST          

        CLASS   ENTRY          

        CLASS   COMMON         
                cstackCOMMON                         70       70        A         1
                bssCOMMON                            7A       7A        2         1

        CLASS   BANK0          
                cstackBANK0                          20       20       4A         1
                bssBANK0                             6A       6A        6         1

        CLASS   BANK1          
                cstackBANK1                          A8       A8        1         1
                bssBANK1                             A0       A0        8         1

        CLASS   BANK2          

        CLASS   BANK3          

        CLASS   RAM            

        CLASS   ABS1           
                abs_s1                               7E       7E        2         1

        CLASS   SFR0           

        CLASS   SFR1           

        CLASS   SFR2           

        CLASS   SFR3           

        CLASS   CONFIG         
                config                             2007     2007        2         4

        CLASS   IDLOC          
                idloc                              2000     2000        4         5

        CLASS   EEDATA         

        CLASS   STACK          



SEGMENTS        Name                           Load    Length   Top    Selector   Space  Class     Delta

                reset_vec                      000000  000003  000003         0       0  CODE        2
                intentry                       000004  0007F4  0007F8         8       0  CODE        2
                cstackBANK0                    000020  000050  000070        20       1  BANK0       1
                cstackCOMMON                   000070  00000C  00007C        70       1  COMMON      1
                bssBANK1                       0000A0  000009  0000A9        A0       1  BANK1       1
                text7                          000D09  00000D  000D16      1A12       0  CODE        2
                text5                          000D16  00000F  000D25      1A2C       0  CODE        2
                text1                          000D25  000012  000D37      1A4A       0  CODE        2
                text4                          000D37  000013  000D4A      1A6E       0  CODE        2
                text15                         000D4A  000029  000D73      1A94       0  CODE        2
                text3                          000D73  000035  000DA8      1AE6       0  CODE        2
                maintext                       000DA8  00003E  000DE6      1B50       0  CODE        2
                text17                         000DE6  00003F  000E25      1BCC       0  CODE        2
                text6                          000E25  00005F  000E84      1C4A       0  CODE        2
                text11                         000E84  000077  000EFB      1D08       0  CODE        2
                text13                         000EFB  000078  000F73      1DF6       0  CODE        2
                text9                          000F73  00008D  001000      1EE6       0  CODE        2


UNUSED ADDRESS RANGES

        Name                Unused          Largest block    Delta
        BANK1            00A9-00EF             47           1
        BANK2            0110-016F             60           1
        BANK3            0190-01EF             60           1
        CODE             0003-0003              1           2
                         07F8-0D08              8
                         1000-1FFF            800
        COMMON           007C-007D              2           1
        CONST            0003-0003              1           2
                         07F8-0D08            100
                         1000-1FFF            100
        EEDATA           2100-21FF            100           2
        ENTRY            0003-0003              1           2
                         07F8-0D08            100
                         1000-1FFF            100
        RAM              00A9-00EF             47           1
                         0110-016F             60
                         0190-01EF             60
        SFR0             0000-001F             20           1
        SFR1             0080-009F             20           1
        SFR2             0100-010F             10           1
        SFR3             0180-018F             10           1
        STRCODE          0003-0003              1           2
                         07F8-0D08            511
                         1000-1FFF           1000
        STRING           0003-0003              1           2
                         07F8-0D08            100
                         1000-1FFF            100

                                  Symbol Table

?__Umul8_16              cstackCOMMON 0072
?___fladd                cstackBANK0  0040
?___flmul                cstackBANK0  0026
?___fltol                cstackBANK0  0054
?___xxtofl               cstackCOMMON 0072
_ADCON0bits              (abs)        001F
_ADCON1bits              (abs)        009F
_ADIF                    (abs)        0066
_ADRESH                  (abs)        001E
_ADRESL                  (abs)        009E
_ANSELH                  (abs)        0189
_ANSELbits               (abs)        0188
_CCP1CON                 (abs)        0017
_CCP1CONbits             (abs)        0017
_CCP2CON                 (abs)        001D
_CCP2CONbits             (abs)        001D
_CCPR1L                  (abs)        0015
_CCPR2L                  (abs)        001B
_HIGHpulse               bssBANK1     00A4
_HIGHpulse1              bssCOMMON    007A
_INTCONbits              (abs)        000B
_OPTION_REGbits          (abs)        0081
_OSCCONbits              (abs)        008F
_PIE1bits                (abs)        008C
_PIR1bits                (abs)        000C
_PORTAbits               (abs)        0005
_PORTC                   (abs)        0007
_PORTCbits               (abs)        0007
_PORTD                   (abs)        0008
_PR2                     (abs)        0092
_PWMtmr0                 text11       0E84
_PWMtmr1                 text10       05C4
_T1CONbits               (abs)        0010
_T2CONbits               (abs)        0012
_TMR0                    (abs)        0001
_TMR1H                   (abs)        000F
_TMR1L                   (abs)        000E
_TMR2IF                  (abs)        0061
_TMR2ON                  (abs)        0092
_TRISAbits               (abs)        0085
_TRISB                   (abs)        0086
_TRISC                   (abs)        0087
_TRISCbits               (abs)        0087
_TRISD                   (abs)        0088
__Habs1                  abs1         0000
__Hbank0                 bank0        0000
__Hbank1                 bank1        0000
__Hbank2                 bank2        0000
__Hbank3                 bank3        0000
__HbssBANK0              bssBANK0     0000
__HbssBANK1              bssBANK1     0000
__HbssCOMMON             bssCOMMON    0000
__Hcinit                 cinit        0027
__Hclrtext               clrtext      0000
__Hcode                  code         0000
__Hcommon                common       0000
__Hconfig                config       2009
__HcstackBANK0           cstackBANK0  0000
__HcstackBANK1           cstackBANK1  0000
__HcstackCOMMON          cstackCOMMON 0000
__Heeprom_data           eeprom_data  0000
__Hend_init              end_init     000F
__Hfunctab               functab      0000
__Hidloc                 idloc        2004
__Hinit                  init         000C
__Hintentry              intentry     000C
__Hmaintext              maintext     0000
__Hpowerup               powerup      0000
__Hram                   ram          0000
__Hreset_vec             reset_vec    0003
__Hsfr0                  sfr0         0000
__Hsfr1                  sfr1         0000
__Hsfr2                  sfr2         0000
__Hsfr3                  sfr3         0000
__Hspace_0               (abs)        1000
__Hspace_1               (abs)        00A9
__Hspace_2               (abs)        0000
__Hspace_3               (abs)        0000
__Hspace_4               (abs)        4010
__Hstack                 stack        0000
__Hstrings               strings      0000
__Htext                  text         0000
__Labs1                  abs1         0000
__Lbank0                 bank0        0000
__Lbank1                 bank1        0000
__Lbank2                 bank2        0000
__Lbank3                 bank3        0000
__LbssBANK0              bssBANK0     0000
__LbssBANK1              bssBANK1     0000
__LbssCOMMON             bssCOMMON    0000
__Lcinit                 cinit        000F
__Lclrtext               clrtext      0000
__Lcode                  code         0000
__Lcommon                common       0000
__Lconfig                config       0000
__LcstackBANK0           cstackBANK0  0000
__LcstackBANK1           cstackBANK1  0000
__LcstackCOMMON          cstackCOMMON 0000
__Leeprom_data           eeprom_data  0000
__Lend_init              end_init     000C
__Lfunctab               functab      0000
__Lidloc                 idloc        0000
__Linit                  init         000C
__Lintentry              intentry     0004
__Lmaintext              maintext     0000
__Lpowerup               powerup      0000
__Lram                   ram          0000
__Lreset_vec             reset_vec    0000
__Lsfr0                  sfr0         0000
__Lsfr1                  sfr1         0000
__Lsfr2                  sfr2         0000
__Lsfr3                  sfr3         0000
__Lspace_0               (abs)        0000
__Lspace_1               (abs)        0000
__Lspace_2               (abs)        0000
__Lspace_3               (abs)        0000
__Lspace_4               (abs)        0000
__Lstack                 stack        0000
__Lstrings               strings      0000
__Ltext                  text         0000
__S0                     (abs)        1000
__S1                     (abs)        00A9
__S3                     (abs)        0000
__Umul8_16               text15       0D4A
__Umul8_16@multiplicand  cstackCOMMON 0072
__Umul8_16@multiplier    cstackBANK0  0024
__Umul8_16@product       cstackBANK0  0020
__Umul8_16@word_mpld     cstackBANK0  0022
___fladd                 text16       036C
___fladd@a               cstackBANK0  0044
___fladd@aexp            cstackBANK0  0051
___fladd@b               cstackBANK0  0040
___fladd@bexp            cstackBANK0  0052
___fladd@grs             cstackBANK0  0053
___fladd@signs           cstackBANK0  0050
___flmul                 text14       0027
___flmul@a               cstackBANK0  002A
___flmul@aexp            cstackBANK0  0034
___flmul@b               cstackBANK0  0026
___flmul@bexp            cstackBANK0  0039
___flmul@grs             cstackBANK0  0035
___flmul@prod            cstackBANK0  003A
___flmul@sign            cstackBANK0  0033
___flmul@temp            cstackBANK0  003E
___fltol                 text13       0EFB
___fltol@exp1            cstackBANK0  005D
___fltol@f1              cstackBANK0  0054
___fltol@sign1           cstackBANK0  005C
___int_sp                stack        0000
___latbits               (abs)        0002
___sp                    stack        0000
___stackhi               (abs)        0000
___stacklo               (abs)        0000
___xxtofl                text12       0686
___xxtofl@arg            cstackBANK0  0022
___xxtofl@exp            cstackBANK0  0021
___xxtofl@sign           cstackBANK0  0020
___xxtofl@val            cstackCOMMON 0072
__end_of_PWMtmr0         text11       0EFB
__end_of_PWMtmr1         text10       0686
__end_of__Umul8_16       text15       0D73
__end_of___fladd         text16       05C4
__end_of___flmul         text14       036C
__end_of___fltol         text13       0F73
__end_of___xxtofl        text12       0740
__end_of__initialization cinit        0023
__end_of_isr             text17       0E25
__end_of_main            maintext     0DE6
__end_of_mapeo           text9        1000
__end_of_modomanual      text8        07E3
__end_of_setup           text7        0D16
__end_of_setupINTOSC     text6        0E84
__end_of_setupTMR0       text5        0D25
__end_of_setupTMR1       text4        0D4A
__end_of_setup_ADC       text3        0DA8
__end_of_setup_PWM1      text2        07F8
__end_of_setup_PWM2      text1        0D37
__initialization         cinit        000F
__pbssBANK0              bssBANK0     006A
__pbssBANK1              bssBANK1     00A0
__pbssCOMMON             bssCOMMON    007A
__pcstackBANK0           cstackBANK0  0020
__pcstackBANK1           cstackBANK1  00A8
__pcstackCOMMON          cstackCOMMON 0070
__pintentry              intentry     0004
__pmaintext              maintext     0DA8
__ptext1                 text1        0D25
__ptext10                text10       05C4
__ptext11                text11       0E84
__ptext12                text12       0686
__ptext13                text13       0EFB
__ptext14                text14       0027
__ptext15                text15       0D4A
__ptext16                text16       036C
__ptext17                text17       0DE6
__ptext2                 text2        07E3
__ptext3                 text3        0D73
__ptext4                 text4        0D37
__ptext5                 text5        0D16
__ptext6                 text6        0E25
__ptext7                 text7        0D09
__ptext8                 text8        0740
__ptext9                 text9        0F73
_isr                     text17       0DE6
_main                    maintext     0DA8
_mapeo                   text9        0F73
_modomanual              text8        0740
_setup                   text7        0D09
_setupINTOSC             text6        0E25
_setupTMR0               text5        0D16
_setupTMR1               text4        0D37
_setup_ADC               text3        0D73
_setup_PWM1              text2        07E3
_setup_PWM2              text1        0D25
_tmr1high                bssBANK1     00A2
_tmr1low                 bssBANK1     00A0
_vPWM                    bssBANK0     006C
_vPWMh                   bssBANK1     00A6
_vPWMl                   bssBANK0     006A
_valADC                  bssBANK0     006E
btemp                    (abs)        007E
end_of_initialization    cinit        0023
interrupt_function       intentry     0004
intlevel0                functab      0000
intlevel1                functab      0000
intlevel2                functab      0000
intlevel3                functab      0000
intlevel4                functab      0000
intlevel5                functab      0000
reset_vec                reset_vec    0000
saved_w                  (abs)        007E
setupINTOSC@IRCF         cstackCOMMON 0072
start                    init         000C
start_initialization     cinit        000F
wtemp0                   (abs)        007E


MODULE INFORMATION

Module		Function		Class		Link	Load	Size
C:\Program Files\Microchip\xc8\v2.40\pic\sources\c90\common\fltol.c
		___fltol       		CODE           	0EFB	0000	120

C:\Program Files\Microchip\xc8\v2.40\pic\sources\c90\common\fltol.c estimated size: 120

C:\Program Files\Microchip\xc8\v2.40\pic\sources\c90\common\sprcmul.c
		___flmul       		CODE           	0027	0000	837

C:\Program Files\Microchip\xc8\v2.40\pic\sources\c90\common\sprcmul.c estimated size: 837

C:\Program Files\Microchip\xc8\v2.40\pic\sources\c90\common\Umul8_16.c
		__Umul8_16     		CODE           	0D4A	0000	41

C:\Program Files\Microchip\xc8\v2.40\pic\sources\c90\common\Umul8_16.c estimated size: 41

oscilador.c
		_setupINTOSC   		CODE           	0E25	0000	95

oscilador.c estimated size: 95

shared
		__initialization		CODE           	000F	0000	20

shared estimated size: 20

C:\Program Files\Microchip\xc8\v2.40\pic\sources\c90\common\sprcadd.c
		___fladd       		CODE           	036C	0000	600

C:\Program Files\Microchip\xc8\v2.40\pic\sources\c90\common\sprcadd.c estimated size: 600

main.c
		_PWMtmr0       		CODE           	0E84	0000	119
		_setup_ADC     		CODE           	0D73	0000	53
		_modomanual    		CODE           	0740	0000	163
		_main          		CODE           	0DA8	0000	62
		_setup_PWM1    		CODE           	07E3	0000	21
		_setup_PWM2    		CODE           	0D25	0000	18
		_isr           		CODE           	0DE6	0000	63
		_setupTMR0     		CODE           	0D16	0000	15
		_setupTMR1     		CODE           	0D37	0000	19
		_PWMtmr1       		CODE           	05C4	0000	194
		_setup         		CODE           	0D09	0000	13
		_mapeo         		CODE           	0F73	0000	141

main.c estimated size: 881

C:\Program Files\Microchip\xc8\v2.40\pic\sources\c90\common\xxtofl.c
		___xxtofl      		CODE           	0686	0000	186

C:\Program Files\Microchip\xc8\v2.40\pic\sources\c90\common\xxtofl.c estimated size: 186

