Microchip MPLAB XC8 Compiler V2.40

Linker command line:

-W-3 \
  --edf=C:\Program Files\Microchip\xc8\v2.40\pic\dat\20220703182018_en.msgs \
  -cn -h+dist/default/production\Proyecto-2.X.production.sym \
  --cmf=dist/default/production\Proyecto-2.X.production.cmf -z -Q16F887 \
  -oC:\Users\Pablo\AppData\Local\Temp\xcAsm50.5 --defsym=__MPLAB_BUILD=1 \
  --fixupoverflow=error \
  -Mdist/default/production/Proyecto-2.X.production.map \
  --md=C:\Users\Pablo\AppData\Local\Temp\xcAsm50.dat -E1 -ver=XC8 Compiler \
  --acfsm=1493 -ACODE=00h-07FFhx4 -ASTRCODE=00h-01FFFh -ASTRING=00h-0FFhx32 \
  -ACONST=00h-0FFhx32 -AENTRY=00h-0FFhx32 -ACOMMON=070h-07Fh \
  -ABANK0=020h-06Fh -ABANK1=0A0h-0EFh -ABANK2=0110h-016Fh \
  -ABANK3=0190h-01EFh -ARAM=020h-06Fh,0A0h-0EFh,0110h-016Fh,0190h-01EFh \
  -AABS1=020h-07Fh,0A0h-0EFh,0110h-016Fh,0190h-01EFh -ASFR0=00h-01Fh \
  -ASFR1=080h-09Fh -ASFR2=0100h-010Fh -ASFR3=0180h-018Fh \
  -ACONFIG=02007h-02008h -DCONFIG=2 -AIDLOC=02000h-02003h -DIDLOC=2 \
  -AEEDATA=00h-0FFh/02100h -peeprom_data=EEDATA -DEEDATA=2 -DCODE=2 \
  -DSTRCODE=2 -DSTRING=2 -DCONST=2 -DENTRY=2 \
  -preset_vec=00h,intentry=04h,init,end_init -ppowerup=CODE -pcinit=CODE \
  -pfunctab=ENTRY -k C:\Users\Pablo\AppData\Local\Temp\xcAsm50.o \
  dist/default/production\Proyecto-2.X.production.o 

Object code version is 3.11

Machine type is 16F887



                Name                               Link     Load   Length Selector   Space Scale
C:\Users\Pablo\AppData\Local\Temp\xcAsm50.o
                end_init                              C        C        3        8       0
                reset_vec                             0        0        3        0       0
                config                             2007     2007        2        0       4
                idloc                              2000     2000        4        0       5
dist/default/production\Proyecto-2.X.production.o
                cinit                                 F        F       14        8       0
                intentry                              4        4        8        8       0
                config                             2007     2007        2        0       4
                idloc                              2000     2000        4        0       5
                text18                              F71      F71       8F     1EE2       0
                text17                              368      368      258        8       0
                text16                              D33      D33       29     1A66       0
                text15                               23       23      345        8       0
                text14                              E7E      E7E       78     1CFC       0
                text13                              5C0      5C0       BA        8       0
                text12                              E07      E07       77     1C0E       0
                text11                              EF6      EF6       7B     1DEC       0
                text10                              729      729       99        8       0
                text9                               67A      67A       AF        8       0
                text8                               CDD      CDD        D     19BA       0
                text7                               D9F      D9F       68     1B3E       0
                text6                               CEA      CEA        F     19D4       0
                text5                               D0B      D0B       13     1A16       0
                text4                               7C2      7C2       38        8       0
                text3                               D1E      D1E       15     1A3C       0
                text2                               CF9      CF9       12     19F2       0
                text1                               CD3      CD3        A     19A6       0
                maintext                            D5C      D5C       43     1AB8       0
                cstackBANK0                          20       20       4F       20       1
                cstackCOMMON                         70       70        B       70       1
                bssBANK1                             A0       A0        C       A0       1
                bssCOMMON                            7B       7B        2       70       1

TOTAL           Name                               Link     Load   Length     Space
        CLASS   CODE           
                end_init                              C        C        3         0
                cinit                                 F        F       14         0
                intentry                              4        4        8         0
                reset_vec                             0        0        3         0
                text18                              F71      F71       8F         0
                text17                              368      368      258         0
                text16                              D33      D33       29         0
                text15                               23       23      345         0
                text14                              E7E      E7E       78         0
                text13                              5C0      5C0       BA         0
                text12                              E07      E07       77         0
                text11                              EF6      EF6       7B         0
                text10                              729      729       99         0
                text9                               67A      67A       AF         0
                text8                               CDD      CDD        D         0
                text7                               D9F      D9F       68         0
                text6                               CEA      CEA        F         0
                text5                               D0B      D0B       13         0
                text4                               7C2      7C2       38         0
                text3                               D1E      D1E       15         0
                text2                               CF9      CF9       12         0
                text1                               CD3      CD3        A         0
                maintext                            D5C      D5C       43         0

        CLASS   STRCODE        

        CLASS   STRING         

        CLASS   CONST          

        CLASS   ENTRY          

        CLASS   COMMON         
                cstackCOMMON                         70       70        B         1
                bssCOMMON                            7B       7B        2         1

        CLASS   BANK0          
                cstackBANK0                          20       20       4F         1

        CLASS   BANK1          
                bssBANK1                             A0       A0        C         1

        CLASS   BANK2          

        CLASS   BANK3          

        CLASS   RAM            

        CLASS   ABS1           
                abs_s1                               7E       7E        2         1

        CLASS   SFR0           

        CLASS   SFR1           

        CLASS   SFR2           

        CLASS   SFR3           

        CLASS   CONFIG         
                config                             2007     2007        2         4

        CLASS   IDLOC          
                idloc                              2000     2000        4         5

        CLASS   EEDATA         

        CLASS   STACK          



SEGMENTS        Name                           Load    Length   Top    Selector   Space  Class     Delta

                reset_vec                      000000  000003  000003         0       0  CODE        2
                intentry                       000004  0007F6  0007FA         8       0  CODE        2
                cstackBANK0                    000020  00004F  00006F        20       1  BANK0       1
                cstackCOMMON                   000070  00000D  00007D        70       1  COMMON      1
                bssBANK1                       0000A0  00000C  0000AC        A0       1  BANK1       1
                text1                          000CD3  00000A  000CDD      19A6       0  CODE        2
                text8                          000CDD  00000D  000CEA      19BA       0  CODE        2
                text6                          000CEA  00000F  000CF9      19D4       0  CODE        2
                text2                          000CF9  000012  000D0B      19F2       0  CODE        2
                text5                          000D0B  000013  000D1E      1A16       0  CODE        2
                text3                          000D1E  000015  000D33      1A3C       0  CODE        2
                text16                         000D33  000029  000D5C      1A66       0  CODE        2
                maintext                       000D5C  000043  000D9F      1AB8       0  CODE        2
                text7                          000D9F  000068  000E07      1B3E       0  CODE        2
                text12                         000E07  000077  000E7E      1C0E       0  CODE        2
                text14                         000E7E  000078  000EF6      1CFC       0  CODE        2
                text11                         000EF6  00007B  000F71      1DEC       0  CODE        2
                text18                         000F71  00008F  001000      1EE2       0  CODE        2


UNUSED ADDRESS RANGES

        Name                Unused          Largest block    Delta
        BANK0            006F-006F              1           1
        BANK1            00AC-00EF             44           1
        BANK2            0110-016F             60           1
        BANK3            0190-01EF             60           1
        CODE             0003-0003              1           2
                         07FA-0CD2              6
                         1000-1FFF            800
        COMMON           007D-007D              1           1
        CONST            0003-0003              1           2
                         07FA-0CD2            100
                         1000-1FFF            100
        EEDATA           2100-21FF            100           2
        ENTRY            0003-0003              1           2
                         07FA-0CD2            100
                         1000-1FFF            100
        RAM              006F-006F              1           1
                         00AC-00EF             44
                         0110-016F             60
                         0190-01EF             60
        SFR0             0000-001F             20           1
        SFR1             0080-009F             20           1
        SFR2             0100-010F             10           1
        SFR3             0180-018F             10           1
        STRCODE          0003-0003              1           2
                         07FA-0CD2            4D9
                         1000-1FFF           1000
        STRING           0003-0003              1           2
                         07FA-0CD2            100
                         1000-1FFF            100

                                  Symbol Table

?__Umul8_16              cstackBANK0  0020
?___fladd                cstackBANK0  0048
?___flmul                cstackBANK0  002E
?___fltol                cstackBANK0  005C
?___xxtofl               cstackBANK0  0020
_ADCON0bits              (abs)        001F
_ADCON1bits              (abs)        009F
_ADIF                    (abs)        0066
_ADRESH                  (abs)        001E
_ADRESL                  (abs)        009E
_ANSELH                  (abs)        0189
_ANSELbits               (abs)        0188
_CCP1CON                 (abs)        0017
_CCP1CONbits             (abs)        0017
_CCP2CON                 (abs)        001D
_CCP2CONbits             (abs)        001D
_CCPR1L                  (abs)        0015
_CCPR2L                  (abs)        001B
_HIGHpulse               bssBANK1     00A4
_HIGHpulse1              bssBANK1     00A2
_INTCONbits              (abs)        000B
_IOCB                    (abs)        0096
_OPTION_REGbits          (abs)        0081
_OSCCONbits              (abs)        008F
_PIE1bits                (abs)        008C
_PIR1bits                (abs)        000C
_PORTAbits               (abs)        0005
_PORTBbits               (abs)        0006
_PORTC                   (abs)        0007
_PORTCbits               (abs)        0007
_PORTD                   (abs)        0008
_PR2                     (abs)        0092
_PWMtmr0                 text12       0E07
_PWMtmr1                 text11       0EF6
_T1CONbits               (abs)        0010
_T2CONbits               (abs)        0012
_TMR0                    (abs)        0001
_TMR1H                   (abs)        000F
_TMR1L                   (abs)        000E
_TMR2IF                  (abs)        0061
_TMR2ON                  (abs)        0092
_TRISAbits               (abs)        0085
_TRISB                   (abs)        0086
_TRISC                   (abs)        0087
_TRISCbits               (abs)        0087
_TRISD                   (abs)        0088
_WPUB                    (abs)        0095
__Habs1                  abs1         0000
__Hbank0                 bank0        0000
__Hbank1                 bank1        0000
__Hbank2                 bank2        0000
__Hbank3                 bank3        0000
__HbssBANK1              bssBANK1     0000
__HbssCOMMON             bssCOMMON    0000
__Hcinit                 cinit        0023
__Hclrtext               clrtext      0000
__Hcode                  code         0000
__Hcommon                common       0000
__Hconfig                config       2009
__HcstackBANK0           cstackBANK0  0000
__HcstackCOMMON          cstackCOMMON 0000
__Heeprom_data           eeprom_data  0000
__Hend_init              end_init     000F
__Hfunctab               functab      0000
__Hidloc                 idloc        2004
__Hinit                  init         000C
__Hintentry              intentry     000C
__Hmaintext              maintext     0000
__Hpowerup               powerup      0000
__Hram                   ram          0000
__Hreset_vec             reset_vec    0003
__Hsfr0                  sfr0         0000
__Hsfr1                  sfr1         0000
__Hsfr2                  sfr2         0000
__Hsfr3                  sfr3         0000
__Hspace_0               (abs)        1000
__Hspace_1               (abs)        00AC
__Hspace_2               (abs)        0000
__Hspace_3               (abs)        0000
__Hspace_4               (abs)        4010
__Hstack                 stack        0000
__Hstrings               strings      0000
__Htext                  text         0000
__Labs1                  abs1         0000
__Lbank0                 bank0        0000
__Lbank1                 bank1        0000
__Lbank2                 bank2        0000
__Lbank3                 bank3        0000
__LbssBANK1              bssBANK1     0000
__LbssCOMMON             bssCOMMON    0000
__Lcinit                 cinit        000F
__Lclrtext               clrtext      0000
__Lcode                  code         0000
__Lcommon                common       0000
__Lconfig                config       0000
__LcstackBANK0           cstackBANK0  0000
__LcstackCOMMON          cstackCOMMON 0000
__Leeprom_data           eeprom_data  0000
__Lend_init              end_init     000C
__Lfunctab               functab      0000
__Lidloc                 idloc        0000
__Linit                  init         000C
__Lintentry              intentry     0004
__Lmaintext              maintext     0000
__Lpowerup               powerup      0000
__Lram                   ram          0000
__Lreset_vec             reset_vec    0000
__Lsfr0                  sfr0         0000
__Lsfr1                  sfr1         0000
__Lsfr2                  sfr2         0000
__Lsfr3                  sfr3         0000
__Lspace_0               (abs)        0000
__Lspace_1               (abs)        0000
__Lspace_2               (abs)        0000
__Lspace_3               (abs)        0000
__Lspace_4               (abs)        0000
__Lstack                 stack        0000
__Lstrings               strings      0000
__Ltext                  text         0000
__S0                     (abs)        1000
__S1                     (abs)        00AC
__S3                     (abs)        0000
__Umul8_16               text16       0D33
__Umul8_16@multiplicand  cstackBANK0  0020
__Umul8_16@multiplier    cstackBANK0  0028
__Umul8_16@product       cstackBANK0  0024
__Umul8_16@word_mpld     cstackBANK0  0026
___fladd                 text17       0368
___fladd@a               cstackBANK0  004C
___fladd@aexp            cstackBANK0  0059
___fladd@b               cstackBANK0  0048
___fladd@bexp            cstackBANK0  005A
___fladd@grs             cstackBANK0  005B
___fladd@signs           cstackBANK0  0058
___flmul                 text15       0023
___flmul@a               cstackBANK0  0032
___flmul@aexp            cstackBANK0  0040
___flmul@b               cstackBANK0  002E
___flmul@bexp            cstackBANK0  0041
___flmul@grs             cstackBANK0  003C
___flmul@prod            cstackBANK0  0042
___flmul@sign            cstackBANK0  003B
___flmul@temp            cstackBANK0  0046
___fltol                 text14       0E7E
___fltol@exp1            cstackBANK0  0065
___fltol@f1              cstackBANK0  005C
___fltol@sign1           cstackBANK0  0064
___int_sp                stack        0000
___latbits               (abs)        0002
___sp                    stack        0000
___stackhi               (abs)        0000
___stacklo               (abs)        0000
___xxtofl                text13       05C0
___xxtofl@arg            cstackBANK0  002A
___xxtofl@exp            cstackBANK0  0029
___xxtofl@sign           cstackBANK0  0028
___xxtofl@val            cstackBANK0  0020
__end_of_PWMtmr0         text12       0E7E
__end_of_PWMtmr1         text11       0F71
__end_of__Umul8_16       text16       0D5C
__end_of___fladd         text17       05C0
__end_of___flmul         text15       0368
__end_of___fltol         text14       0EF6
__end_of___xxtofl        text13       067A
__end_of__initialization cinit        001F
__end_of_isr             text18       1000
__end_of_main            maintext     0D9F
__end_of_mapeo           text10       07C2
__end_of_modomanual      text9        0729
__end_of_setup           text8        0CEA
__end_of_setupINTOSC     text7        0E07
__end_of_setupTMR0       text6        0CF9
__end_of_setupTMR1       text5        0D1E
__end_of_setup_ADC       text4        07FA
__end_of_setup_PWM1      text3        0D33
__end_of_setup_PWM2      text2        0D0B
__end_of_setup_portb     text1        0CDD
__initialization         cinit        000F
__pbssBANK1              bssBANK1     00A0
__pbssCOMMON             bssCOMMON    007B
__pcstackBANK0           cstackBANK0  0020
__pcstackCOMMON          cstackCOMMON 0070
__pintentry              intentry     0004
__pmaintext              maintext     0D5C
__ptext1                 text1        0CD3
__ptext10                text10       0729
__ptext11                text11       0EF6
__ptext12                text12       0E07
__ptext13                text13       05C0
__ptext14                text14       0E7E
__ptext15                text15       0023
__ptext16                text16       0D33
__ptext17                text17       0368
__ptext18                text18       0F71
__ptext2                 text2        0CF9
__ptext3                 text3        0D1E
__ptext4                 text4        07C2
__ptext5                 text5        0D0B
__ptext6                 text6        0CEA
__ptext7                 text7        0D9F
__ptext8                 text8        0CDD
__ptext9                 text9        067A
_isr                     text18       0F71
_main                    maintext     0D5C
_mapeo                   text10       0729
_modo                    bssBANK1     00A0
_modomanual              text9        067A
_setup                   text8        0CDD
_setupINTOSC             text7        0D9F
_setupTMR0               text6        0CEA
_setupTMR1               text5        0D0B
_setup_ADC               text4        07C2
_setup_PWM1              text3        0D1E
_setup_PWM2              text2        0CF9
_setup_portb             text1        0CD3
_vPWM                    bssBANK1     00AA
_vPWMh                   bssBANK1     00A6
_vPWMl                   bssBANK1     00A8
_valADC                  bssCOMMON    007B
btemp                    (abs)        007E
end_of_initialization    cinit        001F
interrupt_function       intentry     0004
intlevel0                functab      0000
intlevel1                functab      0000
intlevel2                functab      0000
intlevel3                functab      0000
intlevel4                functab      0000
intlevel5                functab      0000
reset_vec                reset_vec    0000
saved_w                  (abs)        007E
setupINTOSC@IRCF         cstackBANK0  0020
start                    init         000C
start_initialization     cinit        000F
wtemp0                   (abs)        007E


MODULE INFORMATION

Module		Function		Class		Link	Load	Size
C:\Program Files\Microchip\xc8\v2.40\pic\sources\c90\common\fltol.c
		___fltol       		CODE           	0E7E	0000	120

C:\Program Files\Microchip\xc8\v2.40\pic\sources\c90\common\fltol.c estimated size: 120

C:\Program Files\Microchip\xc8\v2.40\pic\sources\c90\common\sprcmul.c
		___flmul       		CODE           	0023	0000	837

C:\Program Files\Microchip\xc8\v2.40\pic\sources\c90\common\sprcmul.c estimated size: 837

C:\Program Files\Microchip\xc8\v2.40\pic\sources\c90\common\Umul8_16.c
		__Umul8_16     		CODE           	0D33	0000	41

C:\Program Files\Microchip\xc8\v2.40\pic\sources\c90\common\Umul8_16.c estimated size: 41

oscilador.c
		_setupINTOSC   		CODE           	0D9F	0000	104

oscilador.c estimated size: 104

shared
		__initialization		CODE           	000F	0000	16

shared estimated size: 16

C:\Program Files\Microchip\xc8\v2.40\pic\sources\c90\common\sprcadd.c
		___fladd       		CODE           	0368	0000	600

C:\Program Files\Microchip\xc8\v2.40\pic\sources\c90\common\sprcadd.c estimated size: 600

main.c
		_PWMtmr0       		CODE           	0E07	0000	119
		_setup_ADC     		CODE           	07C2	0000	56
		_modomanual    		CODE           	067A	0000	175
		_main          		CODE           	0D5C	0000	67
		_setup_PWM1    		CODE           	0D1E	0000	21
		_setup_PWM2    		CODE           	0CF9	0000	18
		_setup_portb   		CODE           	0CD3	0000	10
		_isr           		CODE           	0F71	0000	143
		_setupTMR0     		CODE           	0CEA	0000	15
		_setupTMR1     		CODE           	0D0B	0000	19
		_PWMtmr1       		CODE           	0EF6	0000	123
		_setup         		CODE           	0CDD	0000	13
		_mapeo         		CODE           	0729	0000	153

main.c estimated size: 932

C:\Program Files\Microchip\xc8\v2.40\pic\sources\c90\common\xxtofl.c
		___xxtofl      		CODE           	05C0	0000	186

C:\Program Files\Microchip\xc8\v2.40\pic\sources\c90\common\xxtofl.c estimated size: 186

